Archive member included to satisfy reference by file (symbol)

c:/st/stm32cubeide_1.11.0/stm32cubeide/plugins/com.st.stm32cube.ide.mcu.externaltools.gnu-tools-for-stm32.10.3-2021.10.win32_1.0.100.202210260954/tools/bin/../lib/gcc/arm-none-eabi/10.3.1/../../../../arm-none-eabi/lib/thumb/v6-m/nofp\libc_nano.a(lib_a-errno.o)
                              ./Core/Src/syscalls.o (__errno)
c:/st/stm32cubeide_1.11.0/stm32cubeide/plugins/com.st.stm32cube.ide.mcu.externaltools.gnu-tools-for-stm32.10.3-2021.10.win32_1.0.100.202210260954/tools/bin/../lib/gcc/arm-none-eabi/10.3.1/../../../../arm-none-eabi/lib/thumb/v6-m/nofp\libc_nano.a(lib_a-exit.o)
                              c:/st/stm32cubeide_1.11.0/stm32cubeide/plugins/com.st.stm32cube.ide.mcu.externaltools.gnu-tools-for-stm32.10.3-2021.10.win32_1.0.100.202210260954/tools/bin/../lib/gcc/arm-none-eabi/10.3.1/../../../../arm-none-eabi/lib/thumb/v6-m/nofp/crt0.o (exit)
c:/st/stm32cubeide_1.11.0/stm32cubeide/plugins/com.st.stm32cube.ide.mcu.externaltools.gnu-tools-for-stm32.10.3-2021.10.win32_1.0.100.202210260954/tools/bin/../lib/gcc/arm-none-eabi/10.3.1/../../../../arm-none-eabi/lib/thumb/v6-m/nofp\libc_nano.a(lib_a-impure.o)
                              c:/st/stm32cubeide_1.11.0/stm32cubeide/plugins/com.st.stm32cube.ide.mcu.externaltools.gnu-tools-for-stm32.10.3-2021.10.win32_1.0.100.202210260954/tools/bin/../lib/gcc/arm-none-eabi/10.3.1/../../../../arm-none-eabi/lib/thumb/v6-m/nofp\libc_nano.a(lib_a-exit.o) (_global_impure_ptr)
c:/st/stm32cubeide_1.11.0/stm32cubeide/plugins/com.st.stm32cube.ide.mcu.externaltools.gnu-tools-for-stm32.10.3-2021.10.win32_1.0.100.202210260954/tools/bin/../lib/gcc/arm-none-eabi/10.3.1/../../../../arm-none-eabi/lib/thumb/v6-m/nofp\libc_nano.a(lib_a-init.o)
                              c:/st/stm32cubeide_1.11.0/stm32cubeide/plugins/com.st.stm32cube.ide.mcu.externaltools.gnu-tools-for-stm32.10.3-2021.10.win32_1.0.100.202210260954/tools/bin/../lib/gcc/arm-none-eabi/10.3.1/../../../../arm-none-eabi/lib/thumb/v6-m/nofp/crt0.o (__libc_init_array)
c:/st/stm32cubeide_1.11.0/stm32cubeide/plugins/com.st.stm32cube.ide.mcu.externaltools.gnu-tools-for-stm32.10.3-2021.10.win32_1.0.100.202210260954/tools/bin/../lib/gcc/arm-none-eabi/10.3.1/../../../../arm-none-eabi/lib/thumb/v6-m/nofp\libc_nano.a(lib_a-memset.o)
                              c:/st/stm32cubeide_1.11.0/stm32cubeide/plugins/com.st.stm32cube.ide.mcu.externaltools.gnu-tools-for-stm32.10.3-2021.10.win32_1.0.100.202210260954/tools/bin/../lib/gcc/arm-none-eabi/10.3.1/../../../../arm-none-eabi/lib/thumb/v6-m/nofp/crt0.o (memset)
c:/st/stm32cubeide_1.11.0/stm32cubeide/plugins/com.st.stm32cube.ide.mcu.externaltools.gnu-tools-for-stm32.10.3-2021.10.win32_1.0.100.202210260954/tools/bin/../lib/gcc/arm-none-eabi/10.3.1/../../../../arm-none-eabi/lib/thumb/v6-m/nofp\libc_nano.a(lib_a-strlen.o)
                              ./Core/Src/main.o (strlen)
c:/st/stm32cubeide_1.11.0/stm32cubeide/plugins/com.st.stm32cube.ide.mcu.externaltools.gnu-tools-for-stm32.10.3-2021.10.win32_1.0.100.202210260954/tools/bin/../lib/gcc/arm-none-eabi/10.3.1/thumb/v6-m/nofp\libgcc.a(_udivsi3.o)
                              ./Core/Src/system_stm32l0xx.o (__aeabi_uidiv)
c:/st/stm32cubeide_1.11.0/stm32cubeide/plugins/com.st.stm32cube.ide.mcu.externaltools.gnu-tools-for-stm32.10.3-2021.10.win32_1.0.100.202210260954/tools/bin/../lib/gcc/arm-none-eabi/10.3.1/thumb/v6-m/nofp\libgcc.a(_dvmd_tls.o)
                              c:/st/stm32cubeide_1.11.0/stm32cubeide/plugins/com.st.stm32cube.ide.mcu.externaltools.gnu-tools-for-stm32.10.3-2021.10.win32_1.0.100.202210260954/tools/bin/../lib/gcc/arm-none-eabi/10.3.1/thumb/v6-m/nofp\libgcc.a(_udivsi3.o) (__aeabi_idiv0)
c:/st/stm32cubeide_1.11.0/stm32cubeide/plugins/com.st.stm32cube.ide.mcu.externaltools.gnu-tools-for-stm32.10.3-2021.10.win32_1.0.100.202210260954/tools/bin/../lib/gcc/arm-none-eabi/10.3.1/thumb/v6-m/nofp\libgcc.a(_aeabi_uldivmod.o)
                              ./Drivers/STM32L0xx_HAL_Driver/Src/stm32l0xx_hal_rcc.o (__aeabi_uldivmod)
c:/st/stm32cubeide_1.11.0/stm32cubeide/plugins/com.st.stm32cube.ide.mcu.externaltools.gnu-tools-for-stm32.10.3-2021.10.win32_1.0.100.202210260954/tools/bin/../lib/gcc/arm-none-eabi/10.3.1/thumb/v6-m/nofp\libgcc.a(_muldi3.o)
                              ./Drivers/STM32L0xx_HAL_Driver/Src/stm32l0xx_hal_rcc.o (__aeabi_lmul)
c:/st/stm32cubeide_1.11.0/stm32cubeide/plugins/com.st.stm32cube.ide.mcu.externaltools.gnu-tools-for-stm32.10.3-2021.10.win32_1.0.100.202210260954/tools/bin/../lib/gcc/arm-none-eabi/10.3.1/thumb/v6-m/nofp\libgcc.a(_udivmoddi4.o)
                              c:/st/stm32cubeide_1.11.0/stm32cubeide/plugins/com.st.stm32cube.ide.mcu.externaltools.gnu-tools-for-stm32.10.3-2021.10.win32_1.0.100.202210260954/tools/bin/../lib/gcc/arm-none-eabi/10.3.1/thumb/v6-m/nofp\libgcc.a(_aeabi_uldivmod.o) (__udivmoddi4)
[...]
Memory Configuration

Name             Origin             Length             Attributes
RAM              0x0000000020000000 0x0000000000000800 xrw
FLASH            0x0000000008000000 0x0000000000004000 xr
*default*        0x0000000000000000 0xffffffffffffffff

Linker script and memory map

LOAD c:/st/stm32cubeide_1.11.0/stm32cubeide/plugins/com.st.stm32cube.ide.mcu.externaltools.gnu-tools-for-stm32.10.3-2021.10.win32_1.0.100.202210260954/tools/bin/../lib/gcc/arm-none-eabi/10.3.1/thumb/v6-m/nofp/crti.o
LOAD c:/st/stm32cubeide_1.11.0/stm32cubeide/plugins/com.st.stm32cube.ide.mcu.externaltools.gnu-tools-for-stm32.10.3-2021.10.win32_1.0.100.202210260954/tools/bin/../lib/gcc/arm-none-eabi/10.3.1/thumb/v6-m/nofp/crtbegin.o
LOAD c:/st/stm32cubeide_1.11.0/stm32cubeide/plugins/com.st.stm32cube.ide.mcu.externaltools.gnu-tools-for-stm32.10.3-2021.10.win32_1.0.100.202210260954/tools/bin/../lib/gcc/arm-none-eabi/10.3.1/../../../../arm-none-eabi/lib/thumb/v6-m/nofp/crt0.o
LOAD ./Core/Src/main.o
LOAD ./Core/Src/stm32l0xx_hal_msp.o
LOAD ./Core/Src/stm32l0xx_it.o
LOAD ./Core/Src/syscalls.o
LOAD ./Core/Src/sysmem.o
LOAD ./Core/Src/system_stm32l0xx.o
LOAD ./Core/Startup/startup_stm32l010f4px.o
LOAD ./Drivers/STM32L0xx_HAL_Driver/Src/stm32l0xx_hal.o
LOAD ./Drivers/STM32L0xx_HAL_Driver/Src/stm32l0xx_hal_cortex.o
LOAD ./Drivers/STM32L0xx_HAL_Driver/Src/stm32l0xx_hal_dma.o
LOAD ./Drivers/STM32L0xx_HAL_Driver/Src/stm32l0xx_hal_exti.o
LOAD ./Drivers/STM32L0xx_HAL_Driver/Src/stm32l0xx_hal_flash.o
LOAD ./Drivers/STM32L0xx_HAL_Driver/Src/stm32l0xx_hal_flash_ex.o
LOAD ./Drivers/STM32L0xx_HAL_Driver/Src/stm32l0xx_hal_flash_ramfunc.o
LOAD ./Drivers/STM32L0xx_HAL_Driver/Src/stm32l0xx_hal_gpio.o
LOAD ./Drivers/STM32L0xx_HAL_Driver/Src/stm32l0xx_hal_i2c.o
LOAD ./Drivers/STM32L0xx_HAL_Driver/Src/stm32l0xx_hal_i2c_ex.o
LOAD ./Drivers/STM32L0xx_HAL_Driver/Src/stm32l0xx_hal_pwr.o
LOAD ./Drivers/STM32L0xx_HAL_Driver/Src/stm32l0xx_hal_pwr_ex.o
LOAD ./Drivers/STM32L0xx_HAL_Driver/Src/stm32l0xx_hal_rcc.o
LOAD ./Drivers/STM32L0xx_HAL_Driver/Src/stm32l0xx_hal_rcc_ex.o
LOAD ./Drivers/STM32L0xx_HAL_Driver/Src/stm32l0xx_hal_spi.o
LOAD ./Drivers/STM32L0xx_HAL_Driver/Src/stm32l0xx_hal_uart.o
LOAD ./Drivers/STM32L0xx_HAL_Driver/Src/stm32l0xx_hal_uart_ex.o
START GROUP
LOAD c:/st/stm32cubeide_1.11.0/stm32cubeide/plugins/com.st.stm32cube.ide.mcu.externaltools.gnu-tools-for-stm32.10.3-2021.10.win32_1.0.100.202210260954/tools/bin/../lib/gcc/arm-none-eabi/10.3.1/../../../../arm-none-eabi/lib/thumb/v6-m/nofp\libc_nano.a
LOAD c:/st/stm32cubeide_1.11.0/stm32cubeide/plugins/com.st.stm32cube.ide.mcu.externaltools.gnu-tools-for-stm32.10.3-2021.10.win32_1.0.100.202210260954/tools/bin/../lib/gcc/arm-none-eabi/10.3.1/../../../../arm-none-eabi/lib/thumb/v6-m/nofp\libm.a
END GROUP
START GROUP
LOAD c:/st/stm32cubeide_1.11.0/stm32cubeide/plugins/com.st.stm32cube.ide.mcu.externaltools.gnu-tools-for-stm32.10.3-2021.10.win32_1.0.100.202210260954/tools/bin/../lib/gcc/arm-none-eabi/10.3.1/thumb/v6-m/nofp\libgcc.a
LOAD c:/st/stm32cubeide_1.11.0/stm32cubeide/plugins/com.st.stm32cube.ide.mcu.externaltools.gnu-tools-for-stm32.10.3-2021.10.win32_1.0.100.202210260954/tools/bin/../lib/gcc/arm-none-eabi/10.3.1/../../../../arm-none-eabi/lib/thumb/v6-m/nofp\libc_nano.a
END GROUP
START GROUP
LOAD c:/st/stm32cubeide_1.11.0/stm32cubeide/plugins/com.st.stm32cube.ide.mcu.externaltools.gnu-tools-for-stm32.10.3-2021.10.win32_1.0.100.202210260954/tools/bin/../lib/gcc/arm-none-eabi/10.3.1/thumb/v6-m/nofp\libgcc.a
LOAD c:/st/stm32cubeide_1.11.0/stm32cubeide/plugins/com.st.stm32cube.ide.mcu.externaltools.gnu-tools-for-stm32.10.3-2021.10.win32_1.0.100.202210260954/tools/bin/../lib/gcc/arm-none-eabi/10.3.1/../../../../arm-none-eabi/lib/thumb/v6-m/nofp\libc_nano.a
LOAD c:/st/stm32cubeide_1.11.0/stm32cubeide/plugins/com.st.stm32cube.ide.mcu.externaltools.gnu-tools-for-stm32.10.3-2021.10.win32_1.0.100.202210260954/tools/bin/../lib/gcc/arm-none-eabi/10.3.1/../../../../arm-none-eabi/lib/thumb/v6-m/nofp\libnosys.a
END GROUP
START GROUP
LOAD c:/st/stm32cubeide_1.11.0/stm32cubeide/plugins/com.st.stm32cube.ide.mcu.externaltools.gnu-tools-for-stm32.10.3-2021.10.win32_1.0.100.202210260954/tools/bin/../lib/gcc/arm-none-eabi/10.3.1/thumb/v6-m/nofp\libgcc.a
LOAD c:/st/stm32cubeide_1.11.0/stm32cubeide/plugins/com.st.stm32cube.ide.mcu.externaltools.gnu-tools-for-stm32.10.3-2021.10.win32_1.0.100.202210260954/tools/bin/../lib/gcc/arm-none-eabi/10.3.1/../../../../arm-none-eabi/lib/thumb/v6-m/nofp\libc_nano.a
LOAD c:/st/stm32cubeide_1.11.0/stm32cubeide/plugins/com.st.stm32cube.ide.mcu.externaltools.gnu-tools-for-stm32.10.3-2021.10.win32_1.0.100.202210260954/tools/bin/../lib/gcc/arm-none-eabi/10.3.1/../../../../arm-none-eabi/lib/thumb/v6-m/nofp\libnosys.a
END GROUP
LOAD c:/st/stm32cubeide_1.11.0/stm32cubeide/plugins/com.st.stm32cube.ide.mcu.externaltools.gnu-tools-for-stm32.10.3-2021.10.win32_1.0.100.202210260954/tools/bin/../lib/gcc/arm-none-eabi/10.3.1/thumb/v6-m/nofp/crtend.o
LOAD c:/st/stm32cubeide_1.11.0/stm32cubeide/plugins/com.st.stm32cube.ide.mcu.externaltools.gnu-tools-for-stm32.10.3-2021.10.win32_1.0.100.202210260954/tools/bin/../lib/gcc/arm-none-eabi/10.3.1/thumb/v6-m/nofp/crtn.o
                0x0000000020000800                _estack = (ORIGIN (RAM) + LENGTH (RAM))
                0x0000000000000200                _Min_Heap_Size = 0x200
                0x0000000000000400                _Min_Stack_Size = 0x400

.isr_vector     0x0000000008000000       0xc0
                0x0000000008000000                . = ALIGN (0x4)
 *(.isr_vector)
 .isr_vector    0x0000000008000000       0xc0 ./Core/Startup/startup_stm32l010f4px.o
                0x0000000008000000                g_pfnVectors
                0x00000000080000c0                . = ALIGN (0x4)

.text           0x00000000080000c0     0x3860
                0x00000000080000c0                . = ALIGN (0x4)
 *(.text)
 .text          0x00000000080000c0       0x48 c:/st/stm32cubeide_1.11.0/stm32cubeide/plugins/com.st.stm32cube.ide.mcu.externaltools.gnu-tools-for-stm32.10.3-2021.10.win32_1.0.100.202210260954/tools/bin/../lib/gcc/arm-none-eabi/10.3.1/thumb/v6-m/nofp/crtbegin.o
 .text          0x0000000008000108        0xe c:/st/stm32cubeide_1.11.0/stm32cubeide/plugins/com.st.stm32cube.ide.mcu.externaltools.gnu-tools-for-stm32.10.3-2021.10.win32_1.0.100.202210260954/tools/bin/../lib/gcc/arm-none-eabi/10.3.1/../../../../arm-none-eabi/lib/thumb/v6-m/nofp\libc_nano.a(lib_a-strlen.o)
                0x0000000008000108                strlen
 *fill*         0x0000000008000116        0x2 
 .text          0x0000000008000118      0x114 c:/st/stm32cubeide_1.11.0/stm32cubeide/plugins/com.st.stm32cube.ide.mcu.externaltools.gnu-tools-for-stm32.10.3-2021.10.win32_1.0.100.202210260954/tools/bin/../lib/gcc/arm-none-eabi/10.3.1/thumb/v6-m/nofp\libgcc.a(_udivsi3.o)
                0x0000000008000118                __aeabi_uidiv
                0x0000000008000118                __udivsi3
                0x0000000008000224                __aeabi_uidivmod
 .text          0x000000000800022c        0x4 c:/st/stm32cubeide_1.11.0/stm32cubeide/plugins/com.st.stm32cube.ide.mcu.externaltools.gnu-tools-for-stm32.10.3-2021.10.win32_1.0.100.202210260954/tools/bin/../lib/gcc/arm-none-eabi/10.3.1/thumb/v6-m/nofp\libgcc.a(_dvmd_tls.o)
                0x000000000800022c                __aeabi_idiv0
                0x000000000800022c                __aeabi_ldiv0
 .text          0x0000000008000230       0x40 c:/st/stm32cubeide_1.11.0/stm32cubeide/plugins/com.st.stm32cube.ide.mcu.externaltools.gnu-tools-for-stm32.10.3-2021.10.win32_1.0.100.202210260954/tools/bin/../lib/gcc/arm-none-eabi/10.3.1/thumb/v6-m/nofp\libgcc.a(_aeabi_uldivmod.o)
                0x0000000008000230                __aeabi_uldivmod
 .text          0x0000000008000270       0x5c c:/st/stm32cubeide_1.11.0/stm32cubeide/plugins/com.st.stm32cube.ide.mcu.externaltools.gnu-tools-for-stm32.10.3-2021.10.win32_1.0.100.202210260954/tools/bin/../lib/gcc/arm-none-eabi/10.3.1/thumb/v6-m/nofp\libgcc.a(_muldi3.o)
                0x0000000008000270                __muldi3
                0x0000000008000270                __aeabi_lmul
 .text          0x00000000080002cc      0x198 c:/st/stm32cubeide_1.11.0/stm32cubeide/plugins/com.st.stm32cube.ide.mcu.externaltools.gnu-tools-for-stm32.10.3-2021.10.win32_1.0.100.202210260954/tools/bin/../lib/gcc/arm-none-eabi/10.3.1/thumb/v6-m/nofp\libgcc.a(_udivmoddi4.o)
                0x00000000080002cc                __udivmoddi4
 .text          0x0000000008000464       0x18 c:/st/stm32cubeide_1.11.0/stm32cubeide/plugins/com.st.stm32cube.ide.mcu.externaltools.gnu-tools-for-stm32.10.3-2021.10.win32_1.0.100.202210260954/tools/bin/../lib/gcc/arm-none-eabi/10.3.1/thumb/v6-m/nofp\libgcc.a(_clzdi2.o)
                0x0000000008000464                __clzdi2
 .text          0x000000000800047c       0x3c c:/st/stm32cubeide_1.11.0/stm32cubeide/plugins/com.st.stm32cube.ide.mcu.externaltools.gnu-tools-for-stm32.10.3-2021.10.win32_1.0.100.202210260954/tools/bin/../lib/gcc/arm-none-eabi/10.3.1/thumb/v6-m/nofp\libgcc.a(_clzsi2.o)
                0x000000000800047c                __clzsi2
 *(.text*)
 .text.main     0x00000000080004b8       0x88 ./Core/Src/main.o
                0x00000000080004b8                main
 .text.hex_to_char
                0x0000000008000540       0xd8 ./Core/Src/main.o
                0x0000000008000540                hex_to_char
 .text.lidar_init
                0x0000000008000618       0x5c ./Core/Src/main.o
                0x0000000008000618                lidar_init
 .text.HAL_UART_RxCpltCallback
                0x0000000008000674       0xb0 ./Core/Src/main.o
                0x0000000008000674                HAL_UART_RxCpltCallback
 .text.HAL_UART_TxCpltCallback
                0x0000000008000724       0x50 ./Core/Src/main.o
                0x0000000008000724                HAL_UART_TxCpltCallback
 .text.SystemClock_Config
                0x0000000008000774       0xd8 ./Core/Src/main.o
                0x0000000008000774                SystemClock_Config
 .text.MX_SPI1_Init
                0x000000000800084c       0x70 ./Core/Src/main.o
 .text.MX_USART2_UART_Init
                0x00000000080008bc       0x60 ./Core/Src/main.o
 .text.MX_GPIO_Init
                0x000000000800091c      0x160 ./Core/Src/main.o
 .text.Error_Handler
                0x0000000008000a7c        0xa ./Core/Src/main.o
                0x0000000008000a7c                Error_Handler
 *fill*         0x0000000008000a86        0x2 
 .text.HAL_MspInit
                0x0000000008000a88       0x28 ./Core/Src/stm32l0xx_hal_msp.o
                0x0000000008000a88                HAL_MspInit
 .text.HAL_SPI_MspInit
                0x0000000008000ab0       0x88 ./Core/Src/stm32l0xx_hal_msp.o
                0x0000000008000ab0                HAL_SPI_MspInit
 .text.HAL_UART_MspInit
                0x0000000008000b38       0xc4 ./Core/Src/stm32l0xx_hal_msp.o
                0x0000000008000b38                HAL_UART_MspInit
 .text.NMI_Handler
                0x0000000008000bfc        0x6 ./Core/Src/stm32l0xx_it.o
                0x0000000008000bfc                NMI_Handler
 .text.HardFault_Handler
                0x0000000008000c02        0x6 ./Core/Src/stm32l0xx_it.o
                0x0000000008000c02                HardFault_Handler
 .text.SVC_Handler
                0x0000000008000c08        0xa ./Core/Src/stm32l0xx_it.o
                0x0000000008000c08                SVC_Handler
 .text.PendSV_Handler
                0x0000000008000c12        0xa ./Core/Src/stm32l0xx_it.o
                0x0000000008000c12                PendSV_Handler
 .text.SysTick_Handler
                0x0000000008000c1c        0xe ./Core/Src/stm32l0xx_it.o
                0x0000000008000c1c                SysTick_Handler
 *fill*         0x0000000008000c2a        0x2 
 .text.USART2_IRQHandler
                0x0000000008000c2c       0x18 ./Core/Src/stm32l0xx_it.o
                0x0000000008000c2c                USART2_IRQHandler
 .text.SystemInit
                0x0000000008000c44        0xa ./Core/Src/system_stm32l0xx.o
                0x0000000008000c44                SystemInit
 *fill*         0x0000000008000c4e        0x2 
 .text.Reset_Handler
                0x0000000008000c50       0x80 ./Core/Startup/startup_stm32l010f4px.o
                0x0000000008000c50                Reset_Handler
 .text.Default_Handler
                0x0000000008000cd0        0x2 ./Core/Startup/startup_stm32l010f4px.o
                0x0000000008000cd0                I2C1_IRQHandler
                0x0000000008000cd0                SPI1_IRQHandler
                0x0000000008000cd0                EXTI2_3_IRQHandler
                0x0000000008000cd0                ADC1_IRQHandler
                0x0000000008000cd0                RTC_IRQHandler
                0x0000000008000cd0                EXTI4_15_IRQHandler
                0x0000000008000cd0                RCC_IRQHandler
                0x0000000008000cd0                DMA1_Channel1_IRQHandler
                0x0000000008000cd0                Default_Handler
                0x0000000008000cd0                DMA1_Channel4_5_IRQHandler
                0x0000000008000cd0                EXTI0_1_IRQHandler
                0x0000000008000cd0                TIM21_IRQHandler
                0x0000000008000cd0                WWDG_IRQHandler
                0x0000000008000cd0                LPUART1_IRQHandler
                0x0000000008000cd0                TIM2_IRQHandler
                0x0000000008000cd0                DMA1_Channel2_3_IRQHandler
                0x0000000008000cd0                FLASH_IRQHandler
                0x0000000008000cd0                LPTIM1_IRQHandler
 *fill*         0x0000000008000cd2        0x2 
 .text.HAL_Init
                0x0000000008000cd4       0x40 ./Drivers/STM32L0xx_HAL_Driver/Src/stm32l0xx_hal.o
                0x0000000008000cd4                HAL_Init
 .text.HAL_InitTick
                0x0000000008000d14       0x68 ./Drivers/STM32L0xx_HAL_Driver/Src/stm32l0xx_hal.o
                0x0000000008000d14                HAL_InitTick
 .text.HAL_IncTick
                0x0000000008000d7c       0x24 ./Drivers/STM32L0xx_HAL_Driver/Src/stm32l0xx_hal.o
                0x0000000008000d7c                HAL_IncTick
 .text.HAL_GetTick
                0x0000000008000da0       0x14 ./Drivers/STM32L0xx_HAL_Driver/Src/stm32l0xx_hal.o
                0x0000000008000da0                HAL_GetTick
 .text.HAL_Delay
                0x0000000008000db4       0x48 ./Drivers/STM32L0xx_HAL_Driver/Src/stm32l0xx_hal.o
                0x0000000008000db4                HAL_Delay
 .text.__NVIC_EnableIRQ
                0x0000000008000dfc       0x34 ./Drivers/STM32L0xx_HAL_Driver/Src/stm32l0xx_hal_cortex.o
 .text.__NVIC_SetPriority
                0x0000000008000e30       0xdc ./Drivers/STM32L0xx_HAL_Driver/Src/stm32l0xx_hal_cortex.o
 .text.SysTick_Config
                0x0000000008000f0c       0x48 ./Drivers/STM32L0xx_HAL_Driver/Src/stm32l0xx_hal_cortex.o
 .text.HAL_NVIC_SetPriority
                0x0000000008000f54       0x2a ./Drivers/STM32L0xx_HAL_Driver/Src/stm32l0xx_hal_cortex.o
                0x0000000008000f54                HAL_NVIC_SetPriority
 .text.HAL_NVIC_EnableIRQ
                0x0000000008000f7e       0x20 ./Drivers/STM32L0xx_HAL_Driver/Src/stm32l0xx_hal_cortex.o
                0x0000000008000f7e                HAL_NVIC_EnableIRQ
 .text.HAL_SYSTICK_Config
                0x0000000008000f9e       0x1a ./Drivers/STM32L0xx_HAL_Driver/Src/stm32l0xx_hal_cortex.o
                0x0000000008000f9e                HAL_SYSTICK_Config
 .text.HAL_DMA_Abort
                0x0000000008000fb8       0x80 ./Drivers/STM32L0xx_HAL_Driver/Src/stm32l0xx_hal_dma.o
                0x0000000008000fb8                HAL_DMA_Abort
 .text.HAL_DMA_Abort_IT
                0x0000000008001038       0x8e ./Drivers/STM32L0xx_HAL_Driver/Src/stm32l0xx_hal_dma.o
                0x0000000008001038                HAL_DMA_Abort_IT
 *fill*         0x00000000080010c6        0x2 
 .text.HAL_GPIO_Init
                0x00000000080010c8      0x2cc ./Drivers/STM32L0xx_HAL_Driver/Src/stm32l0xx_hal_gpio.o
                0x00000000080010c8                HAL_GPIO_Init
 .text.HAL_GPIO_WritePin
                0x0000000008001394       0x3a ./Drivers/STM32L0xx_HAL_Driver/Src/stm32l0xx_hal_gpio.o
                0x0000000008001394                HAL_GPIO_WritePin
 *fill*         0x00000000080013ce        0x2 
 .text.HAL_RCC_OscConfig
                0x00000000080013d0      0x6f8 ./Drivers/STM32L0xx_HAL_Driver/Src/stm32l0xx_hal_rcc.o
                0x00000000080013d0                HAL_RCC_OscConfig
 .text.HAL_RCC_ClockConfig
                0x0000000008001ac8      0x290 ./Drivers/STM32L0xx_HAL_Driver/Src/stm32l0xx_hal_rcc.o
                0x0000000008001ac8                HAL_RCC_ClockConfig
 .text.HAL_RCC_GetSysClockFreq
                0x0000000008001d58      0x14c ./Drivers/STM32L0xx_HAL_Driver/Src/stm32l0xx_hal_rcc.o
                0x0000000008001d58                HAL_RCC_GetSysClockFreq
 .text.HAL_RCC_GetHCLKFreq
                0x0000000008001ea4       0x14 ./Drivers/STM32L0xx_HAL_Driver/Src/stm32l0xx_hal_rcc.o
                0x0000000008001ea4                HAL_RCC_GetHCLKFreq
 .text.HAL_RCC_GetPCLK1Freq
                0x0000000008001eb8       0x2c ./Drivers/STM32L0xx_HAL_Driver/Src/stm32l0xx_hal_rcc.o
                0x0000000008001eb8                HAL_RCC_GetPCLK1Freq
 .text.HAL_RCC_GetPCLK2Freq
                0x0000000008001ee4       0x2c ./Drivers/STM32L0xx_HAL_Driver/Src/stm32l0xx_hal_rcc.o
                0x0000000008001ee4                HAL_RCC_GetPCLK2Freq
 .text.HAL_RCCEx_PeriphCLKConfig
                0x0000000008001f10      0x24c ./Drivers/STM32L0xx_HAL_Driver/Src/stm32l0xx_hal_rcc_ex.o
                0x0000000008001f10                HAL_RCCEx_PeriphCLKConfig
 .text.HAL_SPI_Init
                0x000000000800215c      0x112 ./Drivers/STM32L0xx_HAL_Driver/Src/stm32l0xx_hal_spi.o
                0x000000000800215c                HAL_SPI_Init
 *fill*         0x000000000800226e        0x2 
 .text.HAL_UART_Init
                0x0000000008002270       0xa8 ./Drivers/STM32L0xx_HAL_Driver/Src/stm32l0xx_hal_uart.o
                0x0000000008002270                HAL_UART_Init
 .text.HAL_UART_Transmit
                0x0000000008002318      0x150 ./Drivers/STM32L0xx_HAL_Driver/Src/stm32l0xx_hal_uart.o
                0x0000000008002318                HAL_UART_Transmit
 .text.HAL_UART_Receive_IT
                0x0000000008002468       0xd0 ./Drivers/STM32L0xx_HAL_Driver/Src/stm32l0xx_hal_uart.o
                0x0000000008002468                HAL_UART_Receive_IT
 .text.HAL_UART_IRQHandler
                0x0000000008002538      0x5b4 ./Drivers/STM32L0xx_HAL_Driver/Src/stm32l0xx_hal_uart.o
                0x0000000008002538                HAL_UART_IRQHandler
 .text.HAL_UART_ErrorCallback
                0x0000000008002aec       0x10 ./Drivers/STM32L0xx_HAL_Driver/Src/stm32l0xx_hal_uart.o
                0x0000000008002aec                HAL_UART_ErrorCallback
 .text.HAL_UARTEx_RxEventCallback
                0x0000000008002afc       0x16 ./Drivers/STM32L0xx_HAL_Driver/Src/stm32l0xx_hal_uart.o
                0x0000000008002afc                HAL_UARTEx_RxEventCallback
 *fill*         0x0000000008002b12        0x2 
 .text.UART_SetConfig
                0x0000000008002b14      0x494 ./Drivers/STM32L0xx_HAL_Driver/Src/stm32l0xx_hal_uart.o
                0x0000000008002b14                UART_SetConfig
 .text.UART_AdvFeatureConfig
                0x0000000008002fa8      0x168 ./Drivers/STM32L0xx_HAL_Driver/Src/stm32l0xx_hal_uart.o
                0x0000000008002fa8                UART_AdvFeatureConfig
 .text.UART_CheckIdleState
                0x0000000008003110       0x90 ./Drivers/STM32L0xx_HAL_Driver/Src/stm32l0xx_hal_uart.o
                0x0000000008003110                UART_CheckIdleState
 .text.UART_WaitOnFlagUntilTimeout
                0x00000000080031a0      0x188 ./Drivers/STM32L0xx_HAL_Driver/Src/stm32l0xx_hal_uart.o
                0x00000000080031a0                UART_WaitOnFlagUntilTimeout
 .text.UART_Start_Receive_IT
                0x0000000008003328      0x160 ./Drivers/STM32L0xx_HAL_Driver/Src/stm32l0xx_hal_uart.o
                0x0000000008003328                UART_Start_Receive_IT
 .text.UART_EndRxTransfer
                0x0000000008003488       0xc4 ./Drivers/STM32L0xx_HAL_Driver/Src/stm32l0xx_hal_uart.o
 .text.UART_DMAAbortOnError
                0x000000000800354c       0x2e ./Drivers/STM32L0xx_HAL_Driver/Src/stm32l0xx_hal_uart.o
 .text.UART_EndTransmit_IT
                0x000000000800357a       0x56 ./Drivers/STM32L0xx_HAL_Driver/Src/stm32l0xx_hal_uart.o
 .text.UART_RxISR_8BIT
                0x00000000080035d0      0x168 ./Drivers/STM32L0xx_HAL_Driver/Src/stm32l0xx_hal_uart.o
 .text.UART_RxISR_16BIT
                0x0000000008003738      0x168 ./Drivers/STM32L0xx_HAL_Driver/Src/stm32l0xx_hal_uart.o
 .text.HAL_UARTEx_WakeupCallback
                0x00000000080038a0       0x10 ./Drivers/STM32L0xx_HAL_Driver/Src/stm32l0xx_hal_uart_ex.o
                0x00000000080038a0                HAL_UARTEx_WakeupCallback
 .text.__libc_init_array
                0x00000000080038b0       0x48 c:/st/stm32cubeide_1.11.0/stm32cubeide/plugins/com.st.stm32cube.ide.mcu.externaltools.gnu-tools-for-stm32.10.3-2021.10.win32_1.0.100.202210260954/tools/bin/../lib/gcc/arm-none-eabi/10.3.1/../../../../arm-none-eabi/lib/thumb/v6-m/nofp\libc_nano.a(lib_a-init.o)
                0x00000000080038b0                __libc_init_array
 .text.memset   0x00000000080038f8       0x10 c:/st/stm32cubeide_1.11.0/stm32cubeide/plugins/com.st.stm32cube.ide.mcu.externaltools.gnu-tools-for-stm32.10.3-2021.10.win32_1.0.100.202210260954/tools/bin/../lib/gcc/arm-none-eabi/10.3.1/../../../../arm-none-eabi/lib/thumb/v6-m/nofp\libc_nano.a(lib_a-memset.o)
                0x00000000080038f8                memset
 *(.glue_7)
 .glue_7        0x0000000008003908        0x0 linker stubs
 *(.glue_7t)
 .glue_7t       0x0000000008003908        0x0 linker stubs
 *(.eh_frame)
 .eh_frame      0x0000000008003908        0x0 c:/st/stm32cubeide_1.11.0/stm32cubeide/plugins/com.st.stm32cube.ide.mcu.externaltools.gnu-tools-for-stm32.10.3-2021.10.win32_1.0.100.202210260954/tools/bin/../lib/gcc/arm-none-eabi/10.3.1/thumb/v6-m/nofp/crtbegin.o
 *(.init)
 .init          0x0000000008003908        0x4 c:/st/stm32cubeide_1.11.0/stm32cubeide/plugins/com.st.stm32cube.ide.mcu.externaltools.gnu-tools-for-stm32.10.3-2021.10.win32_1.0.100.202210260954/tools/bin/../lib/gcc/arm-none-eabi/10.3.1/thumb/v6-m/nofp/crti.o
                0x0000000008003908                _init
 .init          0x000000000800390c        0x8 c:/st/stm32cubeide_1.11.0/stm32cubeide/plugins/com.st.stm32cube.ide.mcu.externaltools.gnu-tools-for-stm32.10.3-2021.10.win32_1.0.100.202210260954/tools/bin/../lib/gcc/arm-none-eabi/10.3.1/thumb/v6-m/nofp/crtn.o
 *(.fini)
 .fini          0x0000000008003914        0x4 c:/st/stm32cubeide_1.11.0/stm32cubeide/plugins/com.st.stm32cube.ide.mcu.externaltools.gnu-tools-for-stm32.10.3-2021.10.win32_1.0.100.202210260954/tools/bin/../lib/gcc/arm-none-eabi/10.3.1/thumb/v6-m/nofp/crti.o
                0x0000000008003914                _fini
 .fini          0x0000000008003918        0x8 c:/st/stm32cubeide_1.11.0/stm32cubeide/plugins/com.st.stm32cube.ide.mcu.externaltools.gnu-tools-for-stm32.10.3-2021.10.win32_1.0.100.202210260954/tools/bin/../lib/gcc/arm-none-eabi/10.3.1/thumb/v6-m/nofp/crtn.o
                0x0000000008003920                . = ALIGN (0x4)
                0x0000000008003920                _etext = .

.vfp11_veneer   0x0000000008003920        0x0
 .vfp11_veneer  0x0000000008003920        0x0 linker stubs

.v4_bx          0x0000000008003920        0x0
 .v4_bx         0x0000000008003920        0x0 linker stubs

.iplt           0x0000000008003920        0x0
 .iplt          0x0000000008003920        0x0 c:/st/stm32cubeide_1.11.0/stm32cubeide/plugins/com.st.stm32cube.ide.mcu.externaltools.gnu-tools-for-stm32.10.3-2021.10.win32_1.0.100.202210260954/tools/bin/../lib/gcc/arm-none-eabi/10.3.1/thumb/v6-m/nofp/crtbegin.o

.rodata         0x0000000008003920       0x84
                0x0000000008003920                . = ALIGN (0x4)
 *(.rodata)
 .rodata        0x0000000008003920       0x17 ./Core/Src/main.o
 *(.rodata*)
 *fill*         0x0000000008003937        0x1 
 .rodata.AHBPrescTable
                0x0000000008003938       0x10 ./Core/Src/system_stm32l0xx.o
                0x0000000008003938                AHBPrescTable
 .rodata.APBPrescTable
                0x0000000008003948        0x8 ./Core/Src/system_stm32l0xx.o
                0x0000000008003948                APBPrescTable
 .rodata.PLLMulTable
                0x0000000008003950        0x9 ./Core/Src/system_stm32l0xx.o
                0x0000000008003950                PLLMulTable
 *fill*         0x0000000008003959        0x3 
 .rodata.UART_SetConfig
                0x000000000800395c       0x48 ./Drivers/STM32L0xx_HAL_Driver/Src/stm32l0xx_hal_uart.o
                0x00000000080039a4                . = ALIGN (0x4)

.ARM.extab      0x00000000080039a4        0x0
                0x00000000080039a4                . = ALIGN (0x4)
 *(.ARM.extab* .gnu.linkonce.armextab.*)
                0x00000000080039a4                . = ALIGN (0x4)

.ARM            0x00000000080039a4        0x8
                0x00000000080039a4                . = ALIGN (0x4)
                0x00000000080039a4                __exidx_start = .
 *(.ARM.exidx*)
 .ARM.exidx     0x00000000080039a4        0x8 c:/st/stm32cubeide_1.11.0/stm32cubeide/plugins/com.st.stm32cube.ide.mcu.externaltools.gnu-tools-for-stm32.10.3-2021.10.win32_1.0.100.202210260954/tools/bin/../lib/gcc/arm-none-eabi/10.3.1/thumb/v6-m/nofp\libgcc.a(_udivmoddi4.o)
                0x00000000080039ac                __exidx_end = .
                0x00000000080039ac                . = ALIGN (0x4)

.rel.dyn        0x00000000080039ac        0x0
 .rel.iplt      0x00000000080039ac        0x0 c:/st/stm32cubeide_1.11.0/stm32cubeide/plugins/com.st.stm32cube.ide.mcu.externaltools.gnu-tools-for-stm32.10.3-2021.10.win32_1.0.100.202210260954/tools/bin/../lib/gcc/arm-none-eabi/10.3.1/thumb/v6-m/nofp/crtbegin.o

.preinit_array  0x00000000080039ac        0x0
                0x00000000080039ac                . = ALIGN (0x4)
                0x00000000080039ac                PROVIDE (__preinit_array_start = .)
 *(.preinit_array*)
                0x00000000080039ac                PROVIDE (__preinit_array_end = .)
                0x00000000080039ac                . = ALIGN (0x4)

.init_array     0x00000000080039ac        0x4
                0x00000000080039ac                . = ALIGN (0x4)
                0x00000000080039ac                PROVIDE (__init_array_start = .)
 *(SORT_BY_NAME(.init_array.*))
 *(.init_array*)
 .init_array    0x00000000080039ac        0x4 c:/st/stm32cubeide_1.11.0/stm32cubeide/plugins/com.st.stm32cube.ide.mcu.externaltools.gnu-tools-for-stm32.10.3-2021.10.win32_1.0.100.202210260954/tools/bin/../lib/gcc/arm-none-eabi/10.3.1/thumb/v6-m/nofp/crtbegin.o
                0x00000000080039b0                PROVIDE (__init_array_end = .)
                0x00000000080039b0                . = ALIGN (0x4)

.fini_array     0x00000000080039b0        0x4
                0x00000000080039b0                . = ALIGN (0x4)
                [!provide]                        PROVIDE (__fini_array_start = .)
 *(SORT_BY_NAME(.fini_array.*))
 *(.fini_array*)
 .fini_array    0x00000000080039b0        0x4 c:/st/stm32cubeide_1.11.0/stm32cubeide/plugins/com.st.stm32cube.ide.mcu.externaltools.gnu-tools-for-stm32.10.3-2021.10.win32_1.0.100.202210260954/tools/bin/../lib/gcc/arm-none-eabi/10.3.1/thumb/v6-m/nofp/crtbegin.o
                [!provide]                        PROVIDE (__fini_array_end = .)
                0x00000000080039b4                . = ALIGN (0x4)
                0x00000000080039b4                _sidata = LOADADDR (.data)

.data           0x0000000020000000       0x24 load address 0x00000000080039b4
                0x0000000020000000                . = ALIGN (0x4)
                0x0000000020000000                _sdata = .
 *(.data)
 *(.data*)
 .data.softResetCMD
                0x0000000020000000        0x4 ./Core/Src/main.o
                0x0000000020000000                softResetCMD
 .data.sampleFreq0HzCMD
                0x0000000020000004        0x6 ./Core/Src/main.o
                0x0000000020000004                sampleFreq0HzCMD
 *fill*         0x000000002000000a        0x2 
 .data.sampleTriggerCMD
                0x000000002000000c        0x4 ./Core/Src/main.o
                0x000000002000000c                sampleTriggerCMD
 .data.outForm9B_cmCMD
                0x0000000020000010        0x5 ./Core/Src/main.o
                0x0000000020000010                outForm9B_cmCMD
 *fill*         0x0000000020000015        0x3 
 .data.SystemCoreClock
                0x0000000020000018        0x4 ./Core/Src/system_stm32l0xx.o
                0x0000000020000018                SystemCoreClock
 .data.uwTickPrio
                0x000000002000001c        0x4 ./Drivers/STM32L0xx_HAL_Driver/Src/stm32l0xx_hal.o
                0x000000002000001c                uwTickPrio
 .data.uwTickFreq
                0x0000000020000020        0x1 ./Drivers/STM32L0xx_HAL_Driver/Src/stm32l0xx_hal.o
                0x0000000020000020                uwTickFreq
 *(.RamFunc)
 *(.RamFunc*)
                0x0000000020000024                . = ALIGN (0x4)
 *fill*         0x0000000020000021        0x3 
                0x0000000020000024                _edata = .

.igot.plt       0x0000000020000024        0x0 load address 0x00000000080039d8
 .igot.plt      0x0000000020000024        0x0 c:/st/stm32cubeide_1.11.0/stm32cubeide/plugins/com.st.stm32cube.ide.mcu.externaltools.gnu-tools-for-stm32.10.3-2021.10.win32_1.0.100.202210260954/tools/bin/../lib/gcc/arm-none-eabi/10.3.1/thumb/v6-m/nofp/crtbegin.o
                0x0000000020000024                . = ALIGN (0x4)

.bss            0x0000000020000024      0x118 load address 0x00000000080039d8
                0x0000000020000024                _sbss = .
                0x0000000020000024                __bss_start__ = _sbss
 *(.bss)
 .bss           0x0000000020000024       0x1c c:/st/stm32cubeide_1.11.0/stm32cubeide/plugins/com.st.stm32cube.ide.mcu.externaltools.gnu-tools-for-stm32.10.3-2021.10.win32_1.0.100.202210260954/tools/bin/../lib/gcc/arm-none-eabi/10.3.1/thumb/v6-m/nofp/crtbegin.o
 *(.bss*)
 .bss.hspi1     0x0000000020000040       0x58 ./Core/Src/main.o
                0x0000000020000040                hspi1
 .bss.huart2    0x0000000020000098       0x84 ./Core/Src/main.o
                0x0000000020000098                huart2
 .bss.rx_buffer_index
                0x000000002000011c        0x4 ./Core/Src/main.o
                0x000000002000011c                rx_buffer_index
 .bss.rx_buffer
                0x0000000020000120        0x9 ./Core/Src/main.o
                0x0000000020000120                rx_buffer
 *fill*         0x0000000020000129        0x3 
 .bss.char_array
                0x000000002000012c        0x9 ./Core/Src/main.o
                0x000000002000012c                char_array
 .bss.transmit  0x0000000020000135        0x1 ./Core/Src/main.o
                0x0000000020000135                transmit
 *fill*         0x0000000020000136        0x2 
 .bss.uwTick    0x0000000020000138        0x4 ./Drivers/STM32L0xx_HAL_Driver/Src/stm32l0xx_hal.o
                0x0000000020000138                uwTick
 *(COMMON)
                0x000000002000013c                . = ALIGN (0x4)
                0x000000002000013c                _ebss = .
                0x000000002000013c                __bss_end__ = _ebss

._user_heap_stack
                0x000000002000013c      0x604 load address 0x00000000080039d8
                0x0000000020000140                . = ALIGN (0x8)
 *fill*         0x000000002000013c        0x4 
                [!provide]                        PROVIDE (end = .)
                0x0000000020000140                PROVIDE (_end = .)
                0x0000000020000340                . = (. + _Min_Heap_Size)
 *fill*         0x0000000020000140      0x200 
                0x0000000020000740                . = (. + _Min_Stack_Size)
 *fill*         0x0000000020000340      0x400 
                0x0000000020000740                . = ALIGN (0x8)

/DISCARD/
 libc.a(*)
 libm.a(*)
 libgcc.a(*)

.ARM.attributes
                0x0000000000000000       0x28
 *(.ARM.attributes)
 .ARM.attributes
                0x0000000000000000       0x1e c:/st/stm32cubeide_1.11.0/stm32cubeide/plugins/com.st.stm32cube.ide.mcu.externaltools.gnu-tools-for-stm32.10.3-2021.10.win32_1.0.100.202210260954/tools/bin/../lib/gcc/arm-none-eabi/10.3.1/thumb/v6-m/nofp/crti.o
 .ARM.attributes
                0x000000000000001e       0x2c c:/st/stm32cubeide_1.11.0/stm32cubeide/plugins/com.st.stm32cube.ide.mcu.externaltools.gnu-tools-for-stm32.10.3-2021.10.win32_1.0.100.202210260954/tools/bin/../lib/gcc/arm-none-eabi/10.3.1/thumb/v6-m/nofp/crtbegin.o
 .ARM.attributes
                0x000000000000004a       0x2c ./Core/Src/main.o
 .ARM.attributes
                0x0000000000000076       0x2c ./Core/Src/stm32l0xx_hal_msp.o
 .ARM.attributes
                0x00000000000000a2       0x2c ./Core/Src/stm32l0xx_it.o
 .ARM.attributes
                0x00000000000000ce       0x2c ./Core/Src/system_stm32l0xx.o
 .ARM.attributes
                0x00000000000000fa       0x22 ./Core/Startup/startup_stm32l010f4px.o
 .ARM.attributes
                0x000000000000011c       0x2c ./Drivers/STM32L0xx_HAL_Driver/Src/stm32l0xx_hal.o
 .ARM.attributes
                0x0000000000000148       0x2c ./Drivers/STM32L0xx_HAL_Driver/Src/stm32l0xx_hal_cortex.o
 .ARM.attributes
                0x0000000000000174       0x2c ./Drivers/STM32L0xx_HAL_Driver/Src/stm32l0xx_hal_dma.o
 .ARM.attributes
                0x00000000000001a0       0x2c ./Drivers/STM32L0xx_HAL_Driver/Src/stm32l0xx_hal_gpio.o
 .ARM.attributes
                0x00000000000001cc       0x2c ./Drivers/STM32L0xx_HAL_Driver/Src/stm32l0xx_hal_rcc.o
 .ARM.attributes
                0x00000000000001f8       0x2c ./Drivers/STM32L0xx_HAL_Driver/Src/stm32l0xx_hal_rcc_ex.o
 .ARM.attributes
                0x0000000000000224       0x2c ./Drivers/STM32L0xx_HAL_Driver/Src/stm32l0xx_hal_spi.o
 .ARM.attributes
                0x0000000000000250       0x2c ./Drivers/STM32L0xx_HAL_Driver/Src/stm32l0xx_hal_uart.o
 .ARM.attributes
                0x000000000000027c       0x2c ./Drivers/STM32L0xx_HAL_Driver/Src/stm32l0xx_hal_uart_ex.o
 .ARM.attributes
                0x00000000000002a8       0x2c c:/st/stm32cubeide_1.11.0/stm32cubeide/plugins/com.st.stm32cube.ide.mcu.externaltools.gnu-tools-for-stm32.10.3-2021.10.win32_1.0.100.202210260954/tools/bin/../lib/gcc/arm-none-eabi/10.3.1/../../../../arm-none-eabi/lib/thumb/v6-m/nofp\libc_nano.a(lib_a-init.o)
 .ARM.attributes
                0x00000000000002d4       0x2c c:/st/stm32cubeide_1.11.0/stm32cubeide/plugins/com.st.stm32cube.ide.mcu.externaltools.gnu-tools-for-stm32.10.3-2021.10.win32_1.0.100.202210260954/tools/bin/../lib/gcc/arm-none-eabi/10.3.1/../../../../arm-none-eabi/lib/thumb/v6-m/nofp\libc_nano.a(lib_a-memset.o)
 .ARM.attributes
                0x0000000000000300       0x1c c:/st/stm32cubeide_1.11.0/stm32cubeide/plugins/com.st.stm32cube.ide.mcu.externaltools.gnu-tools-for-stm32.10.3-2021.10.win32_1.0.100.202210260954/tools/bin/../lib/gcc/arm-none-eabi/10.3.1/../../../../arm-none-eabi/lib/thumb/v6-m/nofp\libc_nano.a(lib_a-strlen.o)
 .ARM.attributes
                0x000000000000031c       0x1e c:/st/stm32cubeide_1.11.0/stm32cubeide/plugins/com.st.stm32cube.ide.mcu.externaltools.gnu-tools-for-stm32.10.3-2021.10.win32_1.0.100.202210260954/tools/bin/../lib/gcc/arm-none-eabi/10.3.1/thumb/v6-m/nofp\libgcc.a(_udivsi3.o)
 .ARM.attributes
                0x000000000000033a       0x1e c:/st/stm32cubeide_1.11.0/stm32cubeide/plugins/com.st.stm32cube.ide.mcu.externaltools.gnu-tools-for-stm32.10.3-2021.10.win32_1.0.100.202210260954/tools/bin/../lib/gcc/arm-none-eabi/10.3.1/thumb/v6-m/nofp\libgcc.a(_dvmd_tls.o)
 .ARM.attributes
                0x0000000000000358       0x1e c:/st/stm32cubeide_1.11.0/stm32cubeide/plugins/com.st.stm32cube.ide.mcu.externaltools.gnu-tools-for-stm32.10.3-2021.10.win32_1.0.100.202210260954/tools/bin/../lib/gcc/arm-none-eabi/10.3.1/thumb/v6-m/nofp\libgcc.a(_aeabi_uldivmod.o)
 .ARM.attributes
                0x0000000000000376       0x2c c:/st/stm32cubeide_1.11.0/stm32cubeide/plugins/com.st.stm32cube.ide.mcu.externaltools.gnu-tools-for-stm32.10.3-2021.10.win32_1.0.100.202210260954/tools/bin/../lib/gcc/arm-none-eabi/10.3.1/thumb/v6-m/nofp\libgcc.a(_muldi3.o)
 .ARM.attributes
                0x00000000000003a2       0x2c c:/st/stm32cubeide_1.11.0/stm32cubeide/plugins/com.st.stm32cube.ide.mcu.externaltools.gnu-tools-for-stm32.10.3-2021.10.win32_1.0.100.202210260954/tools/bin/../lib/gcc/arm-none-eabi/10.3.1/thumb/v6-m/nofp\libgcc.a(_udivmoddi4.o)
 .ARM.attributes
                0x00000000000003ce       0x1e c:/st/stm32cubeide_1.11.0/stm32cubeide/plugins/com.st.stm32cube.ide.mcu.externaltools.gnu-tools-for-stm32.10.3-2021.10.win32_1.0.100.202210260954/tools/bin/../lib/gcc/arm-none-eabi/10.3.1/thumb/v6-m/nofp\libgcc.a(_clzdi2.o)
 .ARM.attributes
                0x00000000000003ec       0x1e c:/st/stm32cubeide_1.11.0/stm32cubeide/plugins/com.st.stm32cube.ide.mcu.externaltools.gnu-tools-for-stm32.10.3-2021.10.win32_1.0.100.202210260954/tools/bin/../lib/gcc/arm-none-eabi/10.3.1/thumb/v6-m/nofp\libgcc.a(_clzsi2.o)
 .ARM.attributes
                0x000000000000040a       0x1e c:/st/stm32cubeide_1.11.0/stm32cubeide/plugins/com.st.stm32cube.ide.mcu.externaltools.gnu-tools-for-stm32.10.3-2021.10.win32_1.0.100.202210260954/tools/bin/../lib/gcc/arm-none-eabi/10.3.1/thumb/v6-m/nofp/crtn.o
OUTPUT(Blind_Spot_STM32CubeIDE.elf elf32-littlearm)
LOAD linker stubs
LOAD c:/st/stm32cubeide_1.11.0/stm32cubeide/plugins/com.st.stm32cube.ide.mcu.externaltools.gnu-tools-for-stm32.10.3-2021.10.win32_1.0.100.202210260954/tools/bin/../lib/gcc/arm-none-eabi/10.3.1/../../../../arm-none-eabi/lib/thumb/v6-m/nofp\libc.a
LOAD c:/st/stm32cubeide_1.11.0/stm32cubeide/plugins/com.st.stm32cube.ide.mcu.externaltools.gnu-tools-for-stm32.10.3-2021.10.win32_1.0.100.202210260954/tools/bin/../lib/gcc/arm-none-eabi/10.3.1/../../../../arm-none-eabi/lib/thumb/v6-m/nofp\libm.a
LOAD c:/st/stm32cubeide_1.11.0/stm32cubeide/plugins/com.st.stm32cube.ide.mcu.externaltools.gnu-tools-for-stm32.10.3-2021.10.win32_1.0.100.202210260954/tools/bin/../lib/gcc/arm-none-eabi/10.3.1/thumb/v6-m/nofp\libgcc.a

.debug_info     0x0000000000000000     0xb6cb
 .debug_info    0x0000000000000000     0x135d ./Core/Src/main.o
 .debug_info    0x000000000000135d      0xcf6 ./Core/Src/stm32l0xx_hal_msp.o
 .debug_info    0x0000000000002053      0x6c1 ./Core/Src/stm32l0xx_it.o
 .debug_info    0x0000000000002714      0x309 ./Core/Src/system_stm32l0xx.o
 .debug_info    0x0000000000002a1d       0x22 ./Core/Startup/startup_stm32l010f4px.o
 .debug_info    0x0000000000002a3f      0x863 ./Drivers/STM32L0xx_HAL_Driver/Src/stm32l0xx_hal.o
 .debug_info    0x00000000000032a2      0x6cd ./Drivers/STM32L0xx_HAL_Driver/Src/stm32l0xx_hal_cortex.o
 .debug_info    0x000000000000396f      0x75b ./Drivers/STM32L0xx_HAL_Driver/Src/stm32l0xx_hal_dma.o
 .debug_info    0x00000000000040ca      0x696 ./Drivers/STM32L0xx_HAL_Driver/Src/stm32l0xx_hal_gpio.o
 .debug_info    0x0000000000004760      0x950 ./Drivers/STM32L0xx_HAL_Driver/Src/stm32l0xx_hal_rcc.o
 .debug_info    0x00000000000050b0      0x4c0 ./Drivers/STM32L0xx_HAL_Driver/Src/stm32l0xx_hal_rcc_ex.o
 .debug_info    0x0000000000005570     0x16f8 ./Drivers/STM32L0xx_HAL_Driver/Src/stm32l0xx_hal_spi.o
 .debug_info    0x0000000000006c68     0x3c8a ./Drivers/STM32L0xx_HAL_Driver/Src/stm32l0xx_hal_uart.o
 .debug_info    0x000000000000a8f2      0xdd9 ./Drivers/STM32L0xx_HAL_Driver/Src/stm32l0xx_hal_uart_ex.o

.debug_abbrev   0x0000000000000000     0x1bb9
 .debug_abbrev  0x0000000000000000      0x300 ./Core/Src/main.o
 .debug_abbrev  0x0000000000000300      0x1a7 ./Core/Src/stm32l0xx_hal_msp.o
 .debug_abbrev  0x00000000000004a7      0x170 ./Core/Src/stm32l0xx_it.o
 .debug_abbrev  0x0000000000000617      0x116 ./Core/Src/system_stm32l0xx.o
 .debug_abbrev  0x000000000000072d       0x12 ./Core/Startup/startup_stm32l010f4px.o
 .debug_abbrev  0x000000000000073f      0x29a ./Drivers/STM32L0xx_HAL_Driver/Src/stm32l0xx_hal.o
 .debug_abbrev  0x00000000000009d9      0x265 ./Drivers/STM32L0xx_HAL_Driver/Src/stm32l0xx_hal_cortex.o
 .debug_abbrev  0x0000000000000c3e      0x1c6 ./Drivers/STM32L0xx_HAL_Driver/Src/stm32l0xx_hal_dma.o
 .debug_abbrev  0x0000000000000e04      0x1bb ./Drivers/STM32L0xx_HAL_Driver/Src/stm32l0xx_hal_gpio.o
 .debug_abbrev  0x0000000000000fbf      0x25a ./Drivers/STM32L0xx_HAL_Driver/Src/stm32l0xx_hal_rcc.o
 .debug_abbrev  0x0000000000001219      0x1c5 ./Drivers/STM32L0xx_HAL_Driver/Src/stm32l0xx_hal_rcc_ex.o
 .debug_abbrev  0x00000000000013de      0x26e ./Drivers/STM32L0xx_HAL_Driver/Src/stm32l0xx_hal_spi.o
 .debug_abbrev  0x000000000000164c      0x2cb ./Drivers/STM32L0xx_HAL_Driver/Src/stm32l0xx_hal_uart.o
 .debug_abbrev  0x0000000000001917      0x2a2 ./Drivers/STM32L0xx_HAL_Driver/Src/stm32l0xx_hal_uart_ex.o

.debug_aranges  0x0000000000000000      0x928
 .debug_aranges
                0x0000000000000000       0x78 ./Core/Src/main.o
 .debug_aranges
                0x0000000000000078       0x40 ./Core/Src/stm32l0xx_hal_msp.o
 .debug_aranges
                0x00000000000000b8       0x48 ./Core/Src/stm32l0xx_it.o
 .debug_aranges
                0x0000000000000100       0x28 ./Core/Src/system_stm32l0xx.o
 .debug_aranges
                0x0000000000000128       0x28 ./Core/Startup/startup_stm32l010f4px.o
 .debug_aranges
                0x0000000000000150      0x110 ./Drivers/STM32L0xx_HAL_Driver/Src/stm32l0xx_hal.o
 .debug_aranges
                0x0000000000000260       0xc0 ./Drivers/STM32L0xx_HAL_Driver/Src/stm32l0xx_hal_cortex.o
 .debug_aranges
                0x0000000000000320       0x80 ./Drivers/STM32L0xx_HAL_Driver/Src/stm32l0xx_hal_dma.o
 .debug_aranges
                0x00000000000003a0       0x58 ./Drivers/STM32L0xx_HAL_Driver/Src/stm32l0xx_hal_gpio.o
 .debug_aranges
                0x00000000000003f8       0x68 ./Drivers/STM32L0xx_HAL_Driver/Src/stm32l0xx_hal_rcc.o
 .debug_aranges
                0x0000000000000460       0x58 ./Drivers/STM32L0xx_HAL_Driver/Src/stm32l0xx_hal_rcc_ex.o
 .debug_aranges
                0x00000000000004b8      0x1d0 ./Drivers/STM32L0xx_HAL_Driver/Src/stm32l0xx_hal_spi.o
 .debug_aranges
                0x0000000000000688      0x228 ./Drivers/STM32L0xx_HAL_Driver/Src/stm32l0xx_hal_uart.o
 .debug_aranges
                0x00000000000008b0       0x78 ./Drivers/STM32L0xx_HAL_Driver/Src/stm32l0xx_hal_uart_ex.o

.debug_ranges   0x0000000000000000      0x880
 .debug_ranges  0x0000000000000000       0x68 ./Core/Src/main.o
 .debug_ranges  0x0000000000000068       0x30 ./Core/Src/stm32l0xx_hal_msp.o
 .debug_ranges  0x0000000000000098       0x38 ./Core/Src/stm32l0xx_it.o
 .debug_ranges  0x00000000000000d0       0x18 ./Core/Src/system_stm32l0xx.o
 .debug_ranges  0x00000000000000e8       0x20 ./Core/Startup/startup_stm32l010f4px.o
 .debug_ranges  0x0000000000000108      0x100 ./Drivers/STM32L0xx_HAL_Driver/Src/stm32l0xx_hal.o
 .debug_ranges  0x0000000000000208       0xb0 ./Drivers/STM32L0xx_HAL_Driver/Src/stm32l0xx_hal_cortex.o
 .debug_ranges  0x00000000000002b8       0x70 ./Drivers/STM32L0xx_HAL_Driver/Src/stm32l0xx_hal_dma.o
 .debug_ranges  0x0000000000000328       0x48 ./Drivers/STM32L0xx_HAL_Driver/Src/stm32l0xx_hal_gpio.o
 .debug_ranges  0x0000000000000370       0x58 ./Drivers/STM32L0xx_HAL_Driver/Src/stm32l0xx_hal_rcc.o
 .debug_ranges  0x00000000000003c8       0x48 ./Drivers/STM32L0xx_HAL_Driver/Src/stm32l0xx_hal_rcc_ex.o
 .debug_ranges  0x0000000000000410      0x1c0 ./Drivers/STM32L0xx_HAL_Driver/Src/stm32l0xx_hal_spi.o
 .debug_ranges  0x00000000000005d0      0x248 ./Drivers/STM32L0xx_HAL_Driver/Src/stm32l0xx_hal_uart.o
 .debug_ranges  0x0000000000000818       0x68 ./Drivers/STM32L0xx_HAL_Driver/Src/stm32l0xx_hal_uart_ex.o

.debug_macro    0x0000000000000000    0x11097
 .debug_macro   0x0000000000000000      0x392 ./Core/Src/main.o
 .debug_macro   0x0000000000000392      0xa4e ./Core/Src/main.o
 .debug_macro   0x0000000000000de0      0x125 ./Core/Src/main.o
 .debug_macro   0x0000000000000f05       0x2e ./Core/Src/main.o
 .debug_macro   0x0000000000000f33       0x28 ./Core/Src/main.o
 .debug_macro   0x0000000000000f5b       0x22 ./Core/Src/main.o
 .debug_macro   0x0000000000000f7d       0x8e ./Core/Src/main.o
 .debug_macro   0x000000000000100b       0x51 ./Core/Src/main.o
 .debug_macro   0x000000000000105c      0x103 ./Core/Src/main.o
 .debug_macro   0x000000000000115f       0x6a ./Core/Src/main.o
 .debug_macro   0x00000000000011c9      0x1df ./Core/Src/main.o
 .debug_macro   0x00000000000013a8       0x1c ./Core/Src/main.o
 .debug_macro   0x00000000000013c4       0x22 ./Core/Src/main.o
 .debug_macro   0x00000000000013e6       0xaf ./Core/Src/main.o
 .debug_macro   0x0000000000001495      0x3ad ./Core/Src/main.o
 .debug_macro   0x0000000000001842     0x78b6 ./Core/Src/main.o
 .debug_macro   0x00000000000090f8       0x66 ./Core/Src/main.o
 .debug_macro   0x000000000000915e     0x3555 ./Core/Src/main.o
 .debug_macro   0x000000000000c6b3      0x174 ./Core/Src/main.o
 .debug_macro   0x000000000000c827       0x5b ./Core/Src/main.o
 .debug_macro   0x000000000000c882      0x899 ./Core/Src/main.o
 .debug_macro   0x000000000000d11b      0x42e ./Core/Src/main.o
 .debug_macro   0x000000000000d549      0x183 ./Core/Src/main.o
 .debug_macro   0x000000000000d6cc      0x13f ./Core/Src/main.o
 .debug_macro   0x000000000000d80b       0xf1 ./Core/Src/main.o
 .debug_macro   0x000000000000d8fc       0x82 ./Core/Src/main.o
 .debug_macro   0x000000000000d97e      0x24f ./Core/Src/main.o
 .debug_macro   0x000000000000dbcd       0x28 ./Core/Src/main.o
 .debug_macro   0x000000000000dbf5      0x129 ./Core/Src/main.o
 .debug_macro   0x000000000000dd1e      0x1c6 ./Core/Src/main.o
 .debug_macro   0x000000000000dee4      0x22c ./Core/Src/main.o
 .debug_macro   0x000000000000e110       0x5b ./Core/Src/main.o
 .debug_macro   0x000000000000e16b       0xa5 ./Core/Src/main.o
 .debug_macro   0x000000000000e210       0xb0 ./Core/Src/main.o
 .debug_macro   0x000000000000e2c0       0x16 ./Core/Src/main.o
 .debug_macro   0x000000000000e2d6      0x22c ./Core/Src/main.o
 .debug_macro   0x000000000000e502      0x5ba ./Core/Src/main.o
 .debug_macro   0x000000000000eabc       0x44 ./Core/Src/main.o
 .debug_macro   0x000000000000eb00      0x100 ./Core/Src/main.o
 .debug_macro   0x000000000000ec00       0x52 ./Core/Src/main.o
 .debug_macro   0x000000000000ec52       0x18 ./Core/Src/main.o
 .debug_macro   0x000000000000ec6a       0x3c ./Core/Src/main.o
 .debug_macro   0x000000000000eca6       0x34 ./Core/Src/main.o
 .debug_macro   0x000000000000ecda       0x16 ./Core/Src/main.o
 .debug_macro   0x000000000000ecf0       0x43 ./Core/Src/main.o
 .debug_macro   0x000000000000ed33       0x34 ./Core/Src/main.o
 .debug_macro   0x000000000000ed67       0x10 ./Core/Src/main.o
 .debug_macro   0x000000000000ed77       0x58 ./Core/Src/main.o
 .debug_macro   0x000000000000edcf       0x71 ./Core/Src/main.o
 .debug_macro   0x000000000000ee40       0x1c ./Core/Src/main.o
 .debug_macro   0x000000000000ee5c      0x12a ./Core/Src/main.o
 .debug_macro   0x000000000000ef86      0x341 ./Core/Src/main.o
 .debug_macro   0x000000000000f2c7       0x10 ./Core/Src/main.o
 .debug_macro   0x000000000000f2d7       0x35 ./Core/Src/main.o
 .debug_macro   0x000000000000f30c       0x20 ./Core/Src/main.o
 .debug_macro   0x000000000000f32c       0x1c ./Core/Src/main.o
 .debug_macro   0x000000000000f348       0x10 ./Core/Src/main.o
 .debug_macro   0x000000000000f358       0x10 ./Core/Src/main.o
 .debug_macro   0x000000000000f368       0x1c ./Core/Src/main.o
 .debug_macro   0x000000000000f384       0x52 ./Core/Src/main.o
 .debug_macro   0x000000000000f3d6       0x22 ./Core/Src/main.o
 .debug_macro   0x000000000000f3f8       0x10 ./Core/Src/main.o
 .debug_macro   0x000000000000f408       0x52 ./Core/Src/main.o
 .debug_macro   0x000000000000f45a       0xd5 ./Core/Src/main.o
 .debug_macro   0x000000000000f52f       0x1c ./Core/Src/main.o
 .debug_macro   0x000000000000f54b       0x3d ./Core/Src/main.o
 .debug_macro   0x000000000000f588       0x16 ./Core/Src/main.o
 .debug_macro   0x000000000000f59e      0x145 ./Core/Src/main.o
 .debug_macro   0x000000000000f6e3       0x16 ./Core/Src/main.o
 .debug_macro   0x000000000000f6f9       0x16 ./Core/Src/main.o
 .debug_macro   0x000000000000f70f       0x29 ./Core/Src/main.o
 .debug_macro   0x000000000000f738       0x70 ./Core/Src/main.o
 .debug_macro   0x000000000000f7a8      0x38c ./Core/Src/stm32l0xx_hal_msp.o
 .debug_macro   0x000000000000fb34      0x396 ./Core/Src/stm32l0xx_it.o
 .debug_macro   0x000000000000feca      0x1ba ./Core/Src/system_stm32l0xx.o
 .debug_macro   0x0000000000010084      0x1de ./Drivers/STM32L0xx_HAL_Driver/Src/stm32l0xx_hal.o
 .debug_macro   0x0000000000010262      0x1ba ./Drivers/STM32L0xx_HAL_Driver/Src/stm32l0xx_hal_cortex.o
 .debug_macro   0x000000000001041c      0x1ba ./Drivers/STM32L0xx_HAL_Driver/Src/stm32l0xx_hal_dma.o
 .debug_macro   0x00000000000105d6      0x1c1 ./Drivers/STM32L0xx_HAL_Driver/Src/stm32l0xx_hal_gpio.o
 .debug_macro   0x0000000000010797      0x1de ./Drivers/STM32L0xx_HAL_Driver/Src/stm32l0xx_hal_rcc.o
 .debug_macro   0x0000000000010975      0x1ba ./Drivers/STM32L0xx_HAL_Driver/Src/stm32l0xx_hal_rcc_ex.o
 .debug_macro   0x0000000000010b2f      0x1c9 ./Drivers/STM32L0xx_HAL_Driver/Src/stm32l0xx_hal_spi.o
 .debug_macro   0x0000000000010cf8      0x1e5 ./Drivers/STM32L0xx_HAL_Driver/Src/stm32l0xx_hal_uart.o
 .debug_macro   0x0000000000010edd      0x1ba ./Drivers/STM32L0xx_HAL_Driver/Src/stm32l0xx_hal_uart_ex.o

.debug_line     0x0000000000000000     0xc058
 .debug_line    0x0000000000000000      0xbce ./Core/Src/main.o
 .debug_line    0x0000000000000bce      0x9b3 ./Core/Src/stm32l0xx_hal_msp.o
 .debug_line    0x0000000000001581      0x983 ./Core/Src/stm32l0xx_it.o
 .debug_line    0x0000000000001f04      0x781 ./Core/Src/system_stm32l0xx.o
 .debug_line    0x0000000000002685       0x9b ./Core/Startup/startup_stm32l010f4px.o
 .debug_line    0x0000000000002720      0xa24 ./Drivers/STM32L0xx_HAL_Driver/Src/stm32l0xx_hal.o
 .debug_line    0x0000000000003144      0x9fb ./Drivers/STM32L0xx_HAL_Driver/Src/stm32l0xx_hal_cortex.o
 .debug_line    0x0000000000003b3f      0xc13 ./Drivers/STM32L0xx_HAL_Driver/Src/stm32l0xx_hal_dma.o
 .debug_line    0x0000000000004752      0xa8d ./Drivers/STM32L0xx_HAL_Driver/Src/stm32l0xx_hal_gpio.o
 .debug_line    0x00000000000051df      0xe10 ./Drivers/STM32L0xx_HAL_Driver/Src/stm32l0xx_hal_rcc.o
 .debug_line    0x0000000000005fef      0xa44 ./Drivers/STM32L0xx_HAL_Driver/Src/stm32l0xx_hal_rcc_ex.o
 .debug_line    0x0000000000006a33     0x1c4c ./Drivers/STM32L0xx_HAL_Driver/Src/stm32l0xx_hal_spi.o
 .debug_line    0x000000000000867f     0x2d3e ./Drivers/STM32L0xx_HAL_Driver/Src/stm32l0xx_hal_uart.o
 .debug_line    0x000000000000b3bd      0xc9b ./Drivers/STM32L0xx_HAL_Driver/Src/stm32l0xx_hal_uart_ex.o

.debug_str      0x0000000000000000    0x64860
 .debug_str     0x0000000000000000    0x629fd ./Core/Src/main.o
                                      0x62daa (size before relaxing)
 .debug_str     0x00000000000629fd       0x9b ./Core/Src/stm32l0xx_hal_msp.o
                                      0x62978 (size before relaxing)
 .debug_str     0x0000000000062a98       0xa8 ./Core/Src/stm32l0xx_it.o
                                      0x625a6 (size before relaxing)
 .debug_str     0x0000000000062b40       0x99 ./Core/Src/system_stm32l0xx.o
                                      0x5e1a6 (size before relaxing)
 .debug_str     0x0000000000062bd9       0x36 ./Core/Startup/startup_stm32l010f4px.o
                                         0x9e (size before relaxing)
 .debug_str     0x0000000000062c0f      0x474 ./Drivers/STM32L0xx_HAL_Driver/Src/stm32l0xx_hal.o
                                      0x5e82d (size before relaxing)
 .debug_str     0x0000000000063083      0x1b0 ./Drivers/STM32L0xx_HAL_Driver/Src/stm32l0xx_hal_cortex.o
                                      0x5e482 (size before relaxing)
 .debug_str     0x0000000000063233      0x26c ./Drivers/STM32L0xx_HAL_Driver/Src/stm32l0xx_hal_dma.o
                                      0x5e51a (size before relaxing)
 .debug_str     0x000000000006349f       0xf9 ./Drivers/STM32L0xx_HAL_Driver/Src/stm32l0xx_hal_gpio.o
                                      0x5e346 (size before relaxing)
 .debug_str     0x0000000000063598      0x235 ./Drivers/STM32L0xx_HAL_Driver/Src/stm32l0xx_hal_rcc.o
                                      0x5e611 (size before relaxing)
 .debug_str     0x00000000000637cd      0x120 ./Drivers/STM32L0xx_HAL_Driver/Src/stm32l0xx_hal_rcc_ex.o
                                      0x5e3aa (size before relaxing)
 .debug_str     0x00000000000638ed      0x56d ./Drivers/STM32L0xx_HAL_Driver/Src/stm32l0xx_hal_spi.o
                                      0x5ea95 (size before relaxing)
 .debug_str     0x0000000000063e5a      0x829 ./Drivers/STM32L0xx_HAL_Driver/Src/stm32l0xx_hal_uart.o
                                      0x5ef3e (size before relaxing)
 .debug_str     0x0000000000064683      0x1dd ./Drivers/STM32L0xx_HAL_Driver/Src/stm32l0xx_hal_uart_ex.o
                                      0x5e7d9 (size before relaxing)

.comment        0x0000000000000000       0x50
 .comment       0x0000000000000000       0x50 ./Core/Src/main.o
                                         0x51 (size before relaxing)
 .comment       0x0000000000000050       0x51 ./Core/Src/stm32l0xx_hal_msp.o
 .comment       0x0000000000000050       0x51 ./Core/Src/stm32l0xx_it.o
 .comment       0x0000000000000050       0x51 ./Core/Src/system_stm32l0xx.o
 .comment       0x0000000000000050       0x51 ./Drivers/STM32L0xx_HAL_Driver/Src/stm32l0xx_hal.o
 .comment       0x0000000000000050       0x51 ./Drivers/STM32L0xx_HAL_Driver/Src/stm32l0xx_hal_cortex.o
 .comment       0x0000000000000050       0x51 ./Drivers/STM32L0xx_HAL_Driver/Src/stm32l0xx_hal_dma.o
 .comment       0x0000000000000050       0x51 ./Drivers/STM32L0xx_HAL_Driver/Src/stm32l0xx_hal_gpio.o
 .comment       0x0000000000000050       0x51 ./Drivers/STM32L0xx_HAL_Driver/Src/stm32l0xx_hal_rcc.o
 .comment       0x0000000000000050       0x51 ./Drivers/STM32L0xx_HAL_Driver/Src/stm32l0xx_hal_rcc_ex.o
 .comment       0x0000000000000050       0x51 ./Drivers/STM32L0xx_HAL_Driver/Src/stm32l0xx_hal_spi.o
 .comment       0x0000000000000050       0x51 ./Drivers/STM32L0xx_HAL_Driver/Src/stm32l0xx_hal_uart.o
 .comment       0x0000000000000050       0x51 ./Drivers/STM32L0xx_HAL_Driver/Src/stm32l0xx_hal_uart_ex.o

.debug_frame    0x0000000000000000     0x202c
 .debug_frame   0x0000000000000000      0x180 ./Core/Src/main.o
 .debug_frame   0x0000000000000180       0xac ./Core/Src/stm32l0xx_hal_msp.o
 .debug_frame   0x000000000000022c       0xb8 ./Core/Src/stm32l0xx_it.o
 .debug_frame   0x00000000000002e4       0x4c ./Core/Src/system_stm32l0xx.o
 .debug_frame   0x0000000000000330      0x394 ./Drivers/STM32L0xx_HAL_Driver/Src/stm32l0xx_hal.o
 .debug_frame   0x00000000000006c4      0x2a0 ./Drivers/STM32L0xx_HAL_Driver/Src/stm32l0xx_hal_cortex.o
 .debug_frame   0x0000000000000964      0x1b0 ./Drivers/STM32L0xx_HAL_Driver/Src/stm32l0xx_hal_dma.o
 .debug_frame   0x0000000000000b14      0x110 ./Drivers/STM32L0xx_HAL_Driver/Src/stm32l0xx_hal_gpio.o
 .debug_frame   0x0000000000000c24      0x154 ./Drivers/STM32L0xx_HAL_Driver/Src/stm32l0xx_hal_rcc.o
 .debug_frame   0x0000000000000d78       0xfc ./Drivers/STM32L0xx_HAL_Driver/Src/stm32l0xx_hal_rcc_ex.o
 .debug_frame   0x0000000000000e74      0x6f0 ./Drivers/STM32L0xx_HAL_Driver/Src/stm32l0xx_hal_spi.o
 .debug_frame   0x0000000000001564      0x854 ./Drivers/STM32L0xx_HAL_Driver/Src/stm32l0xx_hal_uart.o
 .debug_frame   0x0000000000001db8      0x198 ./Drivers/STM32L0xx_HAL_Driver/Src/stm32l0xx_hal_uart_ex.o
 .debug_frame   0x0000000000001f50       0x2c c:/st/stm32cubeide_1.11.0/stm32cubeide/plugins/com.st.stm32cube.ide.mcu.externaltools.gnu-tools-for-stm32.10.3-2021.10.win32_1.0.100.202210260954/tools/bin/../lib/gcc/arm-none-eabi/10.3.1/../../../../arm-none-eabi/lib/thumb/v6-m/nofp\libc_nano.a(lib_a-init.o)
 .debug_frame   0x0000000000001f7c       0x20 c:/st/stm32cubeide_1.11.0/stm32cubeide/plugins/com.st.stm32cube.ide.mcu.externaltools.gnu-tools-for-stm32.10.3-2021.10.win32_1.0.100.202210260954/tools/bin/../lib/gcc/arm-none-eabi/10.3.1/../../../../arm-none-eabi/lib/thumb/v6-m/nofp\libc_nano.a(lib_a-memset.o)
 .debug_frame   0x0000000000001f9c       0x20 c:/st/stm32cubeide_1.11.0/stm32cubeide/plugins/com.st.stm32cube.ide.mcu.externaltools.gnu-tools-for-stm32.10.3-2021.10.win32_1.0.100.202210260954/tools/bin/../lib/gcc/arm-none-eabi/10.3.1/thumb/v6-m/nofp\libgcc.a(_udivsi3.o)
 .debug_frame   0x0000000000001fbc       0x34 c:/st/stm32cubeide_1.11.0/stm32cubeide/plugins/com.st.stm32cube.ide.mcu.externaltools.gnu-tools-for-stm32.10.3-2021.10.win32_1.0.100.202210260954/tools/bin/../lib/gcc/arm-none-eabi/10.3.1/thumb/v6-m/nofp\libgcc.a(_muldi3.o)
 .debug_frame   0x0000000000001ff0       0x3c c:/st/stm32cubeide_1.11.0/stm32cubeide/plugins/com.st.stm32cube.ide.mcu.externaltools.gnu-tools-for-stm32.10.3-2021.10.win32_1.0.100.202210260954/tools/bin/../lib/gcc/arm-none-eabi/10.3.1/thumb/v6-m/nofp\libgcc.a(_udivmoddi4.o)
