../Core/Src/main.c:48:5:main	8	static
../Core/Src/main.c:71:6:HAL_UART_RxCpltCallback	40	static
../Core/Src/main.c:88:6:HAL_UART_TxCpltCallback	24	static
../Core/Src/main.c:93:6:send	16	static
../Core/Src/main.c:97:6:receive	16	static
../Core/Src/main.c:105:6:SystemClock_Config	112	static
../Core/Src/main.c:154:13:MX_SPI1_Init	8	static
../Core/Src/main.c:180:13:MX_USART2_UART_Init	8	static
../Core/Src/main.c:203:13:MX_GPIO_Init	48	static
../Core/Src/main.c:261:6:Error_Handler	8	static,ignoring_inline_asm
