../Core/Src/main.c:105:5:main	56	static
../Core/Src/main.c:192:6:SystemClock_Config	112	static
../Core/Src/main.c:241:13:MX_SPI1_Init	8	static
../Core/Src/main.c:279:13:MX_USART2_UART_Init	8	static
../Core/Src/main.c:314:13:MX_GPIO_Init	48	static
../Core/Src/main.c:369:6:data_to_hex_str	32	static
../Core/Src/main.c:381:6:lidar_init	40	static
../Core/Src/main.c:415:6:HAL_UART_RxCpltCallback	16	static
../Core/Src/main.c:421:6:HAL_UART_TxCpltCallback	40	static
../Core/Src/main.c:434:6:Error_Handler	8	static,ignoring_inline_asm
